/Users/runner/work/_temp/ed264618-016f-4529-9fd6-1f1aa22330a1.sh: line 4: timeout: command not found
attempt 1 failed or timed out, retrying...
/Users/runner/work/_temp/ed264618-016f-4529-9fd6-1f1aa22330a1.sh: line 4: timeout: command not found
attempt 2 failed or timed out, retrying...
/Users/runner/work/_temp/ed264618-016f-4529-9fd6-1f1aa22330a1.sh: line 4: timeout: command not found
attempt 3 failed or timed out, retrying...
